PS C:\Users\hy-wu.DESKTOP-G355NC5\1\B\cu_mc> python .\warp_mc_lj.py 0.05
Warp 1.8.1 initialized:
   CUDA Toolkit 12.8, Driver 13.0
   Devices:
     "cpu"      : "Intel64 Family 6 Model 151 Stepping 2, GenuineIntel"
     "cuda:0"   : "NVIDIA GeForce RTX 3090" (24 GiB, sm_86, mempool enabled)
   Kernel cache:
     C:\Users\hy-wu.DESKTOP-G355NC5\AppData\Local\NVIDIA\warp\Cache\1.8.1
Using point radius 0.05
N=131072, n=32.00
Using L-J epsilon 0
  0%|                                                                                        | 0/10000 [00:00<?, ?it/s]Module __main__ ee5a459 load on device 'cuda:0' took 36.37 ms  (cached)
100%|████████████████████████████████████████████████████████████████████████████| 10000/10000 [02:24<00:00, 69.37it/s]
Using L-J epsilon 0.1
100%|████████████████████████████████████████████████████████████████████████████| 10000/10000 [01:47<00:00, 92.92it/s]
Using L-J epsilon 0.25
100%|████████████████████████████████████████████████████████████████████████████| 10000/10000 [01:48<00:00, 92.26it/s]
Using L-J epsilon 0.5
100%|████████████████████████████████████████████████████████████████████████████| 10000/10000 [01:48<00:00, 92.03it/s]
Using L-J epsilon 1
100%|████████████████████████████████████████████████████████████████████████████| 10000/10000 [01:49<00:00, 90.97it/s]
Using L-J epsilon 1.5
100%|████████████████████████████████████████████████████████████████████████████| 10000/10000 [01:48<00:00, 91.78it/s]
Using L-J epsilon 2
100%|████████████████████████████████████████████████████████████████████████████| 10000/10000 [01:49<00:00, 91.52it/s]
Using L-J epsilon 2.5
100%|████████████████████████████████████████████████████████████████████████████| 10000/10000 [01:49<00:00, 91.24it/s]
Using L-J epsilon 3
100%|████████████████████████████████████████████████████████████████████████████| 10000/10000 [01:49<00:00, 91.44it/s]
Using L-J epsilon 4
100%|████████████████████████████████████████████████████████████████████████████| 10000/10000 [01:49<00:00, 91.53it/s]
Using L-J epsilon 5
100%|████████████████████████████████████████████████████████████████████████████| 10000/10000 [01:49<00:00, 91.71it/s]
PS C:\Users\hy-wu.DESKTOP-G355NC5\1\B\cu_mc> python .\warp_mc_lj.py 0.07
Warp 1.8.1 initialized:
   CUDA Toolkit 12.8, Driver 13.0
   Devices:
     "cpu"      : "Intel64 Family 6 Model 151 Stepping 2, GenuineIntel"
     "cuda:0"   : "NVIDIA GeForce RTX 3090" (24 GiB, sm_86, mempool enabled)
   Kernel cache:
     C:\Users\hy-wu.DESKTOP-G355NC5\AppData\Local\NVIDIA\warp\Cache\1.8.1
Using point radius 0.07
N=131072, n=32.00
Using L-J epsilon 0
  0%|                                                                                        | 0/10000 [00:00<?, ?it/s]Module __main__ ee5a459 load on device 'cuda:0' took 36.71 ms  (cached)
100%|████████████████████████████████████████████████████████████████████████████| 10000/10000 [02:26<00:00, 68.26it/s]
N=131072, n=32.00
Using L-J epsilon 0.04
100%|████████████████████████████████████████████████████████████████████████████| 10000/10000 [01:49<00:00, 91.49it/s]
N=131072, n=32.00
Using L-J epsilon 0.08
100%|████████████████████████████████████████████████████████████████████████████| 10000/10000 [01:49<00:00, 90.91it/s]
N=131072, n=32.00
Using L-J epsilon 0.12
100%|████████████████████████████████████████████████████████████████████████████| 10000/10000 [01:51<00:00, 89.88it/s]
N=131072, n=32.00
Using L-J epsilon 0.16
100%|████████████████████████████████████████████████████████████████████████████| 10000/10000 [01:50<00:00, 90.81it/s]
N=131072, n=32.00
Using L-J epsilon 0.2
100%|████████████████████████████████████████████████████████████████████████████| 10000/10000 [01:50<00:00, 90.71it/s]
N=131072, n=32.00
Using L-J epsilon 0.25
100%|████████████████████████████████████████████████████████████████████████████| 10000/10000 [01:48<00:00, 92.43it/s]
N=131072, n=32.00
Using L-J epsilon 0.3
100%|████████████████████████████████████████████████████████████████████████████| 10000/10000 [01:49<00:00, 91.41it/s]
N=131072, n=32.00
Using L-J epsilon 0.5
100%|████████████████████████████████████████████████████████████████████████████| 10000/10000 [01:52<00:00, 89.19it/s]
N=131072, n=32.00
Using L-J epsilon 1
100%|████████████████████████████████████████████████████████████████████████████| 10000/10000 [01:53<00:00, 88.46it/s]
N=131072, n=32.00
Using L-J epsilon 1.5
100%|████████████████████████████████████████████████████████████████████████████| 10000/10000 [01:55<00:00, 86.52it/s]
N=131072, n=32.00
Using L-J epsilon 2
100%|████████████████████████████████████████████████████████████████████████████| 10000/10000 [01:53<00:00, 87.88it/s] (output_lj_freeT\20250903_144315_731497_051r0.07T1.0)

PS C:\Users\hy-wu.DESKTOP-G355NC5\1\B\cu_mc> python .\warp_mc_lj.py 0.07
Warp 1.8.1 initialized:
   CUDA Toolkit 12.8, Driver 13.0
   Devices:
     "cpu"      : "Intel64 Family 6 Model 151 Stepping 2, GenuineIntel"
     "cuda:0"   : "NVIDIA GeForce RTX 3090" (24 GiB, sm_86, mempool enabled)
   Kernel cache:
     C:\Users\hy-wu.DESKTOP-G355NC5\AppData\Local\NVIDIA\warp\Cache\1.8.1
Using point radius 0.07
N=131072, n=32.00
Using L-J epsilon 0
  0%|                                                                                        | 0/10000 [00:00<?, ?it/s]Module __main__ ee5a459 load on device 'cuda:0' took 1.58 ms  (cached)
100%|████████████████████████████████████████████████████████████████████████████| 10000/10000 [02:22<00:00, 70.09it/s]
N=131072, n=32.00
Using L-J epsilon 0.04
100%|████████████████████████████████████████████████████████████████████████████| 10000/10000 [01:51<00:00, 89.34it/s]
N=131072, n=32.00
Using L-J epsilon 0.08
100%|████████████████████████████████████████████████████████████████████████████| 10000/10000 [01:56<00:00, 85.92it/s]
N=131072, n=32.00
Using L-J epsilon 0.12
100%|████████████████████████████████████████████████████████████████████████████| 10000/10000 [01:50<00:00, 90.65it/s]
N=131072, n=32.00
Using L-J epsilon 0.16
100%|████████████████████████████████████████████████████████████████████████████| 10000/10000 [01:54<00:00, 87.00it/s]
N=131072, n=32.00
Using L-J epsilon 0.2
100%|████████████████████████████████████████████████████████████████████████████| 10000/10000 [01:55<00:00, 86.64it/s]
N=131072, n=32.00
Using L-J epsilon 0.25
100%|████████████████████████████████████████████████████████████████████████████| 10000/10000 [01:56<00:00, 86.07it/s]
N=131072, n=32.00
Using L-J epsilon 0.3
100%|████████████████████████████████████████████████████████████████████████████| 10000/10000 [01:56<00:00, 85.92it/s]
N=131072, n=32.00
Using L-J epsilon 0.5
100%|████████████████████████████████████████████████████████████████████████████| 10000/10000 [01:55<00:00, 86.34it/s]
N=131072, n=32.00
Using L-J epsilon 1
100%|████████████████████████████████████████████████████████████████████████████| 10000/10000 [01:52<00:00, 89.02it/s]
N=131072, n=32.00
Using L-J epsilon 1.5
100%|████████████████████████████████████████████████████████████████████████████| 10000/10000 [02:08<00:00, 78.04it/s]
N=131072, n=32.00
Using L-J epsilon 2
100%|████████████████████████████████████████████████████████████████████████████| 10000/10000 [01:59<00:00, 84.02it/s] (output_lj_freeT\20250903_152339_843342_214r0.07T1.0)
PS C:\Users\hy-wu.DESKTOP-G355NC5\1\B\cu_mc> python .\warp_mc_lj.py 0.07
Warp 1.8.1 initialized:
   CUDA Toolkit 12.8, Driver 13.0
   Devices:
     "cpu"      : "Intel64 Family 6 Model 151 Stepping 2, GenuineIntel"
     "cuda:0"   : "NVIDIA GeForce RTX 3090" (24 GiB, sm_86, mempool enabled)
   Kernel cache:
     C:\Users\hy-wu.DESKTOP-G355NC5\AppData\Local\NVIDIA\warp\Cache\1.8.1
Using point radius 0.07
N=131072, n=32.00
Using L-J epsilon 0
  0%|                                                                                       | 0/100000 [00:00<?, ?it/s]Module __main__ ee5a459 load on device 'cuda:0' took 34.08 ms  (cached)
100%|██████████████████████████████████████████████████████████████████████████| 100000/100000 [23:36<00:00, 70.60it/s]
N=131072, n=32.00
Using L-J epsilon 0.04
100%|██████████████████████████████████████████████████████████████████████████| 100000/100000 [18:17<00:00, 91.11it/s]
N=131072, n=32.00
Using L-J epsilon 0.08
100%|██████████████████████████████████████████████████████████████████████████| 100000/100000 [18:20<00:00, 90.89it/s]
N=131072, n=32.00
Using L-J epsilon 0.12
100%|██████████████████████████████████████████████████████████████████████████| 100000/100000 [18:24<00:00, 90.56it/s]
N=131072, n=32.00
Using L-J epsilon 0.16
100%|██████████████████████████████████████████████████████████████████████████| 100000/100000 [18:00<00:00, 92.53it/s] (output_lj_freeT\20250903_170547_103352_053r0.07T1.0)
PS C:\Users\hy-wu.DESKTOP-G355NC5\1\B\cu_mc> python .\warp_mc_lj.py 0.07
Warp 1.8.1 initialized:
   CUDA Toolkit 12.8, Driver 13.0
   Devices:
     "cpu"      : "Intel64 Family 6 Model 151 Stepping 2, GenuineIntel"
     "cuda:0"   : "NVIDIA GeForce RTX 3090" (24 GiB, sm_86, mempool enabled)
   Kernel cache:
     C:\Users\hy-wu.DESKTOP-G355NC5\AppData\Local\NVIDIA\warp\Cache\1.8.1
Using point radius 0.07
N=131072, n=32.00
Using L-J epsilon 0.2
  0%|                                                                                       | 0/100000 [00:00<?, ?it/s]Module __main__ ee5a459 load on device 'cuda:0' took 35.15 ms  (cached)
100%|██████████████████████████████████████████████████████████████████████████| 100000/100000 [17:54<00:00, 93.06it/s]
N=131072, n=32.00
Using L-J epsilon 0.25
100%|██████████████████████████████████████████████████████████████████████████| 100000/100000 [18:06<00:00, 92.00it/s]
N=131072, n=32.00
Using L-J epsilon 0.3
100%|██████████████████████████████████████████████████████████████████████████| 100000/100000 [18:00<00:00, 92.59it/s]
N=131072, n=32.00
Using L-J epsilon 0.5
100%|██████████████████████████████████████████████████████████████████████████| 100000/100000 [18:03<00:00, 92.31it/s] (output_lj_freeT\20250903_193256_203633_607r0.07T1.0)


